Breakpoint 1 at 0xd0c70 (2 locations)
[Thread debugging using libthread_db enabled]
Using host libthread_db library "/usr/lib/x86_64-linux-gnu/libthread_db.so.1".
[New Thread 0x7ffff0dff6c0 (LWP 258186)]
Application version: 3.3.6 build 301
[New Thread 0x7fffeb7bd6c0 (LWP 258187)]
[Detaching after fork from child process 258188]
[New Thread 0x7fffeae2b6c0 (LWP 258189)]
[New Thread 0x7fffea62a6c0 (LWP 258190)]
[BlockedDomains] Loaded 9 domains from storage
[New Thread 0x7fffe9e296c0 (LWP 258191)]
[New Thread 0x7fffe96286c0 (LWP 258192)]
[New Thread 0x7fffc8bff6c0 (LWP 258193)]
[New Thread 0x7fffc83fe6c0 (LWP 258194)]
[New Thread 0x7fffc7bfd6c0 (LWP 258195)]
[New Thread 0x7fffc73fc6c0 (LWP 258196)]
[New Thread 0x7fffc6bfb6c0 (LWP 258197)]
[New Thread 0x7fffc63fa6c0 (LWP 258198)]
[New Thread 0x7fffc5bf96c0 (LWP 258199)]
[New Thread 0x7fffc53f86c0 (LWP 258200)]
[New Thread 0x7fffc4bf76c0 (LWP 258201)]
[New Thread 0x7fff9fbff6c0 (LWP 258202)]
[New Thread 0x7fff9f3fe6c0 (LWP 258203)]
qml: Theme Light System
qml: Subscription count 0
qml: Server count 0
qml: visibility load 2
qml: visibility load 2
qml: State Idle Idle
qml: State Loading Loading
DaemonManager: Connected to daemon
[New Thread 0x7fff9ebfd6c0 (LWP 258204)]
[New Thread 0x7fff9e3fc6c0 (LWP 258205)]
[New Thread 0x7fff9dbfb6c0 (LWP 258206)]
[New Thread 0x7fff9d3fa6c0 (LWP 258207)]
[Switching to Thread 0x7fffeae2b6c0 (LWP 258189)]

Thread 4 "QThread" hit Breakpoint 1.4, 0x00007ffff4f97bd0 in QEventLoop::exit(int) () from /root/happ_extracted/opt/happ/bin/../lib/libQt6Core.so.6
warning: Memory read failed for corefile section, 1048576 bytes at 0x7fff9c3f9000.
warning: Memory read failed for corefile section, 1048576 bytes at 0x7fffc43f7000.
warning: Memory read failed for corefile section, 1048576 bytes at 0x7fffe8e28000.
warning: Memory read failed for corefile section, 1048576 bytes at 0x7fffeafbd000.
warning: Memory read failed for corefile section, 1048576 bytes at 0x7ffff05ff000.
warning: Memory read failed for corefile section, 4096 bytes at 0xffffffffff600000.
Saved corefile /tmp/happ_ram.core
